[01:16:53] [ServerMain/INFO]: [bootstrap] Running Java 21 (OpenJDK 64-Bit Server VM 21.0.6+7-Ubuntu-120.04.1; Ubuntu null) on Linux 6.8.0-1027-azure (amd64)
[01:16:53] [ServerMain/INFO]: [bootstrap] Loading Paper 1.21.3-63-master@4190ee7 (2024-11-25T18:59:19Z) for Minecraft 1.21.3
[01:16:53] [ServerMain/INFO]: [PluginInitializerManager] Initializing plugins...
[01:16:54] [Paper Plugin Remapper Thread - 0/INFO]: [PluginRemapper] Remapping plugin 'plugins/SkinsRestorer.jar'...
[01:16:56] [Paper Plugin Remapper Thread - 0/INFO]: [PluginRemapper] Done remapping plugin 'plugins/SkinsRestorer.jar' in 2090ms.
[01:16:57] [ServerMain/INFO]: [PluginInitializerManager] Initialized 25 plugins
[01:16:57] [ServerMain/INFO]: [PluginInitializerManager] Paper plugins (1):
 - Minepacks (2.4.31.7-T20250421160243)
[01:16:57] [ServerMain/INFO]: [PluginInitializerManager] Bukkit plugins (24):
 - AngelChest (13.9.4), DirectionHUD (1.8.0.3+1.20-1.21.4), Geyser-Spigot (2.7.0-SNAPSHOT), GeyserSkinManager (1.7), LevelledMobs (4.3.1 b112), LoginSecurity (3.3.0), MoneyFromMobs (4.9), PlaceholderAPI (2.11.6), PlayerTimeLimit (1.6.1), ProtocolLib (5.3.0), SetHome (6.2.3), SetSpawn (5.5), SkinsRestorer (15.6.4), SuperLobby (4.7.6), UltimateTimber (4.1.0), Vault (1.7.3-b131), ViaBackwards (5.3.2), ViaVersion (5.3.2), WorldBorder (1.2), WorldEdit (7.3.11+7055-8357a12), XConomy (2.25.15), dynmap (3.7-SNAPSHOT-968), floodgate (2.2.4-SNAPSHOT (b116-0e3163c)), sleep-most (5.6.0)
[01:17:02] [ServerMain/INFO]: Environment: Environment[sessionHost=https://sessionserver.mojang.com, servicesHost=https://api.minecraftservices.com, name=PROD]
[01:17:02] [ServerMain/INFO]: [MCTypeRegistry] Initialising converters for DataConverter...
[01:17:02] [ServerMain/INFO]: [MCTypeRegistry] Finished initialising converters for DataConverter in 441.7ms
[01:17:05] [ServerMain/INFO]: Loaded 1337 recipes
[01:17:05] [ServerMain/INFO]: Loaded 1448 advancements
[01:17:05] [Server thread/INFO]: Starting minecraft server version 1.21.3
[01:17:05] [Server thread/INFO]: Loading properties
[01:17:05] [Server thread/INFO]: This server is running Paper version 1.21.3-63-master@4190ee7 (2024-11-25T18:59:19Z) (Implementing API version 1.21.3-R0.1-SNAPSHOT)
[01:17:06] [Server thread/INFO]: [spark] This server bundles the spark profiler. For more information please visit https://docs.papermc.io/paper/profiling
[01:17:06] [Server thread/INFO]: Server Ping Player Sample Count: 12
[01:17:06] [Server thread/INFO]: Using 4 threads for Netty based IO
[01:17:07] [Server thread/INFO]: [MoonriseCommon] Paper is using 1 worker threads, 1 I/O threads
[01:17:07] [Server thread/INFO]: [ChunkTaskScheduler] Chunk system is using population gen parallelism: true
[01:17:07] [Server thread/INFO]: Default game type: SURVIVAL
[01:17:07] [Server thread/INFO]: Generating keypair
[01:17:07] [Server thread/INFO]: Starting Minecraft server on *:25565
[01:17:07] [Server thread/INFO]: Using epoll channel type
[01:17:07] [Server thread/INFO]: Paper: Using libdeflate (Linux x86_64) compression from Velocity.
[01:17:07] [Server thread/INFO]: Paper: Using OpenSSL 1.1.x (Linux x86_64) cipher from Velocity.
[01:17:08] [Server thread/INFO]: [Minepacks] PCGF-PluginLib not installed. Switching to standalone mode!
[01:17:09] [Server thread/INFO]: [SpigotLibraryLoader] [DirectionHUD] Loading 1 libraries... please wait
[01:17:09] [Server thread/INFO]: [SpigotLibraryLoader] [DirectionHUD] Loaded library /workspaces/MSX-Crossplay-Plugins-C1/servidor_minecraft/libraries/org/apache/commons/commons-configuration2/2.11.0/commons-configuration2-2.11.0.jar
[01:17:09] [Server thread/INFO]: [SpigotLibraryLoader] [DirectionHUD] Loaded library /workspaces/MSX-Crossplay-Plugins-C1/servidor_minecraft/libraries/org/apache/commons/commons-lang3/3.14.0/commons-lang3-3.14.0.jar
[01:17:09] [Server thread/INFO]: [SpigotLibraryLoader] [DirectionHUD] Loaded library /workspaces/MSX-Crossplay-Plugins-C1/servidor_minecraft/libraries/org/apache/commons/commons-text/1.12.0/commons-text-1.12.0.jar
[01:17:09] [Server thread/INFO]: [SpigotLibraryLoader] [DirectionHUD] Loaded library /workspaces/MSX-Crossplay-Plugins-C1/servidor_minecraft/libraries/commons-logging/commons-logging/1.3.2/commons-logging-1.3.2.jar
[01:17:09] [Server thread/INFO]: [SpigotLibraryLoader] [XConomy] Loading 1 libraries... please wait
[01:17:09] [Server thread/INFO]: [SpigotLibraryLoader] [XConomy] Loaded library /workspaces/MSX-Crossplay-Plugins-C1/servidor_minecraft/libraries/redis/clients/jedis/4.3.1/jedis-4.3.1.jar
[01:17:09] [Server thread/INFO]: [SpigotLibraryLoader] [XConomy] Loaded library /workspaces/MSX-Crossplay-Plugins-C1/servidor_minecraft/libraries/org/slf4j/slf4j-api/1.7.36/slf4j-api-1.7.36.jar
[01:17:09] [Server thread/INFO]: [SpigotLibraryLoader] [XConomy] Loaded library /workspaces/MSX-Crossplay-Plugins-C1/servidor_minecraft/libraries/org/apache/commons/commons-pool2/2.11.1/commons-pool2-2.11.1.jar
[01:17:09] [Server thread/INFO]: [SpigotLibraryLoader] [XConomy] Loaded library /workspaces/MSX-Crossplay-Plugins-C1/servidor_minecraft/libraries/org/json/json/20220320/json-20220320.jar
[01:17:09] [Server thread/INFO]: [SpigotLibraryLoader] [XConomy] Loaded library /workspaces/MSX-Crossplay-Plugins-C1/servidor_minecraft/libraries/com/google/code/gson/gson/2.8.9/gson-2.8.9.jar
[01:17:09] [Server thread/INFO]: [ViaVersion] Loading server plugin ViaVersion v5.3.2
[01:17:09] [Server thread/INFO]: [ViaVersion] ViaVersion 5.3.2 is now loaded. Registering protocol transformers and injecting...
[01:17:10] [Via-Mappingloader-0/INFO]: [ViaVersion] Loading block connection mappings ...
[01:17:10] [Via-Mappingloader-0/INFO]: [ViaVersion] Using FastUtil Long2ObjectOpenHashMap for block connections
[01:17:10] [Server thread/INFO]: [ViaBackwards] Loading translations...
[01:17:10] [Server thread/INFO]: [ViaBackwards] Registering protocols...
[01:17:11] [Server thread/INFO]: [Vault] Loading server plugin Vault v1.7.3-b131
[01:17:11] [Server thread/INFO]: [floodgate] Loading server plugin floodgate v2.2.4-SNAPSHOT (b116-0e3163c)
[01:17:12] [Server thread/WARN]: [floodgate] en_ is not a supported Floodgate language.
[01:17:12] [Server thread/INFO]: [floodgate] Took 848ms to boot Floodgate
[01:17:12] [Server thread/INFO]: [PlaceholderAPI] Loading server plugin PlaceholderAPI v2.11.6
[01:17:12] [Server thread/INFO]: [ProtocolLib] Loading server plugin ProtocolLib v5.3.0
[01:17:12] [Server thread/WARN]: [ProtocolLib] Version (MC: 1.21.3) has not yet been tested! Proceed with caution.
[01:17:12] [Server thread/INFO]: [ViaBackwards] Loading server plugin ViaBackwards v5.3.2
[01:17:12] [Server thread/INFO]: [WorldEdit] Loading server plugin WorldEdit v7.3.11+7055-8357a12
[01:17:13] [Server thread/INFO]: Got request to register class com.sk89q.worldedit.bukkit.BukkitServerInterface with WorldEdit [com.sk89q.worldedit.extension.platform.PlatformManager@2dfd2399]
[01:17:13] [Server thread/INFO]: [Geyser-Spigot] Loading server plugin Geyser-Spigot v2.7.0-SNAPSHOT
[01:17:13] [Server thread/INFO]: [Geyser-Spigot] Loading extensions...
[01:17:13] [Server thread/INFO]: [Geyser-Spigot] Loaded 0 extension(s)
[01:17:13] [Server thread/INFO]: [Minepacks] Loading server plugin Minepacks v2.4.31.7-T20250421160243
[01:17:13] [Server thread/INFO]: [SkinsRestorer] Loading server plugin SkinsRestorer v15.6.4
[01:17:13] [Server thread/INFO]: [LevelledMobs] Loading server plugin LevelledMobs v4.3.1 b112
[01:17:13] [Server thread/INFO]: [LevelledMobs] Loading commands
[01:17:14] [Server thread/INFO]: [SetHome] Loading server plugin SetHome v6.2.3
[01:17:14] [Server thread/INFO]: [PlayerTimeLimit] Loading server plugin PlayerTimeLimit v1.6.1
[01:17:14] [Server thread/INFO]: [DirectionHUD] Loading server plugin DirectionHUD v1.8.0.3+1.20-1.21.4
[01:17:14] [Server thread/INFO]: [LoginSecurity] Loading server plugin LoginSecurity v3.3.0
[01:17:14] [Server thread/INFO]: [SetSpawn] Loading server plugin SetSpawn v5.5
[01:17:14] [Server thread/INFO]: [SuperLobby] Loading server plugin SuperLobby v4.7.6
[01:17:14] [Server thread/INFO]: [XConomy] Loading server plugin XConomy v2.25.15
[01:17:14] [Server thread/INFO]: [WorldBorder] Loading server plugin WorldBorder v1.2
[01:17:14] [Server thread/INFO]: [GeyserSkinManager] Loading server plugin GeyserSkinManager v1.7
[01:17:14] [Server thread/INFO]: [sleep-most] Loading server plugin sleep-most v5.6.0
[01:17:14] [Server thread/INFO]: [AngelChest] Loading server plugin AngelChest v13.9.4
[01:17:14] [Server thread/INFO]: [UltimateTimber] Loading server plugin UltimateTimber v4.1.0
[01:17:14] [Server thread/INFO]: [com.songoda.ultimatetimber.core.CoreLogger] [UltimateTimber] [SongodaCore] Loading dependency com.h2database:h2:1.4.200 from https://repo1.maven.org/maven2
[01:17:14] [Server thread/INFO]: [com.songoda.ultimatetimber.core.CoreLogger] [UltimateTimber] [SongodaCore] Loaded dependency 'h2-1.4.200' successfully.
[01:17:14] [Server thread/INFO]: [com.songoda.ultimatetimber.core.CoreLogger] [UltimateTimber] [SongodaCore] ----------------------------
[01:17:14] [Server thread/INFO]: [com.songoda.ultimatetimber.core.CoreLogger] [UltimateTimber] [SongodaCore] Loading dependency com.github.cryptomorin:XSeries:13.2.0 from https://repo1.maven.org/maven2
[01:17:14] [Server thread/INFO]: [com.songoda.ultimatetimber.core.CoreLogger] [UltimateTimber] [SongodaCore] Loaded dependency 'XSeries-13.2.0' successfully.
[01:17:14] [Server thread/INFO]: [com.songoda.ultimatetimber.core.CoreLogger] [UltimateTimber] [SongodaCore] ----------------------------
[01:17:14] [Server thread/INFO]: [com.songoda.ultimatetimber.core.CoreLogger] [UltimateTimber] [SongodaCore] Loading dependency com.zaxxer:HikariCP:4.0.3 from https://repo1.maven.org/maven2
[01:17:14] [Server thread/INFO]: [com.songoda.ultimatetimber.core.CoreLogger] [UltimateTimber] [SongodaCore] Loaded dependency 'HikariCP-4.0.3' successfully.
[01:17:14] [Server thread/INFO]: [com.songoda.ultimatetimber.core.CoreLogger] [UltimateTimber] [SongodaCore] ----------------------------
[01:17:14] [Server thread/INFO]: [com.songoda.ultimatetimber.core.CoreLogger] [UltimateTimber] [SongodaCore] Loading dependency org.slf4j:slf4j-api:2.0.11 from https://repo1.maven.org/maven2
[01:17:14] [Server thread/INFO]: [com.songoda.ultimatetimber.core.CoreLogger] [UltimateTimber] [SongodaCore] Loaded dependency 'slf4j-api-2.0.11' successfully.
[01:17:14] [Server thread/INFO]: [com.songoda.ultimatetimber.core.CoreLogger] [UltimateTimber] [SongodaCore] ----------------------------
[01:17:14] [Server thread/INFO]: [com.songoda.ultimatetimber.core.CoreLogger] [UltimateTimber] [SongodaCore] Loading dependency org.mariadb.jdbc:mariadb-java-client:3.2.0 from https://repo1.maven.org/maven2
[01:17:14] [Server thread/INFO]: [com.songoda.ultimatetimber.core.CoreLogger] [UltimateTimber] [SongodaCore] Loaded dependency 'mariadb-java-client-3.2.0' successfully.
[01:17:14] [Server thread/INFO]: [com.songoda.ultimatetimber.core.CoreLogger] [UltimateTimber] [SongodaCore] ----------------------------
[01:17:14] [Server thread/INFO]: [com.songoda.ultimatetimber.core.CoreLogger] [UltimateTimber] [SongodaCore] Loading dependency org.apache.commons:commons-lang3:3.14.0 from https://repo1.maven.org/maven2
[01:17:14] [Server thread/INFO]: [com.songoda.ultimatetimber.core.CoreLogger] [UltimateTimber] [SongodaCore] Loaded dependency 'commons-lang3-3.14.0' successfully.
[01:17:14] [Server thread/INFO]: [com.songoda.ultimatetimber.core.CoreLogger] [UltimateTimber] [SongodaCore] ----------------------------
[01:17:14] [Server thread/INFO]: [com.songoda.ultimatetimber.core.CoreLogger] [UltimateTimber] [SongodaCore] Loading dependency org.jooq:jooq:3.14.16 from https://repo1.maven.org/maven2
[01:17:14] [Server thread/INFO]: [com.songoda.ultimatetimber.core.CoreLogger] [UltimateTimber] [SongodaCore] Loaded dependency 'jooq-3.14.16' successfully.
[01:17:14] [Server thread/INFO]: [com.songoda.ultimatetimber.core.CoreLogger] [UltimateTimber] [SongodaCore] ----------------------------
[01:17:14] [Server thread/INFO]: [com.songoda.ultimatetimber.core.CoreLogger] [UltimateTimber] [SongodaCore] Loading dependency org.reactivestreams:reactive-streams:1.0.2 from https://repo1.maven.org/maven2
[01:17:14] [Server thread/INFO]: [com.songoda.ultimatetimber.core.CoreLogger] [UltimateTimber] [SongodaCore] Loaded dependency 'reactive-streams-1.0.2' successfully.
[01:17:14] [Server thread/INFO]: [com.songoda.ultimatetimber.core.CoreLogger] [UltimateTimber] [SongodaCore] ----------------------------
[01:17:14] [Server thread/INFO]: [com.songoda.ultimatetimber.core.CoreLogger] [UltimateTimber] [SongodaCore] Loading dependency org.apache.commons:commons-text:1.12.0 from https://repo1.maven.org/maven2
[01:17:14] [Server thread/INFO]: [com.songoda.ultimatetimber.core.CoreLogger] [UltimateTimber] [SongodaCore] Loaded dependency 'commons-text-1.12.0' successfully.
[01:17:14] [Server thread/INFO]: [com.songoda.ultimatetimber.core.CoreLogger] [UltimateTimber] [SongodaCore] ----------------------------
[01:17:14] [Server thread/INFO]: [dynmap] Loading server plugin dynmap v3.7-SNAPSHOT-968
[01:17:14] [Server thread/INFO]: [dynmap] version=1.21.3-63-4190ee7 (MC: 1.21.3)
[01:17:14] [Server thread/INFO]: [dynmap] Mod Support API available
[01:17:14] [Server thread/INFO]: [MoneyFromMobs] Loading server plugin MoneyFromMobs v4.9
[01:17:14] [Server thread/INFO]: Server permissions file permissions.yml is empty, ignoring it
[01:17:14] [Server thread/INFO]: [Vault] Enabling Vault v1.7.3-b131
[01:17:14] [Server thread/INFO]: [Vault] [Permission] SuperPermissions loaded as backup permission system.
[01:17:14] [Server thread/INFO]: [Vault] Enabled Version 1.7.3-b131
[01:17:14] [Server thread/INFO]: [ProtocolLib] Enabling ProtocolLib v5.3.0
[01:17:14] [Server thread/INFO]: [WorldEdit] Enabling WorldEdit v7.3.11+7055-8357a12
[01:17:14] [Server thread/INFO]: Registering commands with com.sk89q.worldedit.bukkit.BukkitServerInterface
[01:17:14] [Server thread/INFO]: WEPIF: Vault detected! Using Vault for permissions
[01:17:14] [Server thread/INFO]: Using com.sk89q.worldedit.bukkit.adapter.impl.v1_21_3.PaperweightAdapter as the Bukkit adapter
[01:17:16] [Server thread/INFO]: [SkinsRestorer] Enabling SkinsRestorer v15.6.4
[01:17:18] [Server thread/INFO]: [SkinsRestorer] Running on Minecraft 1.21.3.
[01:17:18] [Server thread/INFO]: [SkinsRestorer] Floodgate skin listener registered
[01:17:19] [Server thread/INFO]: [SkinsRestorer] Using paper join listener!
[01:17:19] [Server thread/INFO]: [PlaceholderAPI] Successfully registered internal expansion: skinsrestorer [15.6.4]
[01:17:19] [Server thread/INFO]: [SkinsRestorer] PlaceholderAPI expansion registered!
[01:17:19] [Server thread/INFO]: [XConomy] Enabling XConomy v2.25.15
[01:17:19] [Server thread/INFO]: [XConomy] UUID-Mode: Default
[01:17:19] [Server thread/INFO]: [XConomy] Language: SPANISH
[01:17:19] [Server thread/INFO]: [XConomy] Modo de guardado - SQLite
[01:17:19] [Folia Async Scheduler Thread #1/INFO]: [SkinsRestorer] ----------------------------------------------
[01:17:19] [Folia Async Scheduler Thread #1/INFO]: [SkinsRestorer]     +==================+
[01:17:19] [Folia Async Scheduler Thread #1/INFO]: [SkinsRestorer]     |   SkinsRestorer  |
[01:17:19] [Folia Async Scheduler Thread #1/INFO]: [SkinsRestorer]     |------------------|
[01:17:19] [Folia Async Scheduler Thread #1/INFO]: [SkinsRestorer]     |  Standalone Mode |
[01:17:19] [Folia Async Scheduler Thread #1/INFO]: [SkinsRestorer]     +==================+
[01:17:19] [Folia Async Scheduler Thread #1/INFO]: [SkinsRestorer] ----------------------------------------------
[01:17:19] [Folia Async Scheduler Thread #1/INFO]: [SkinsRestorer]     Version: 15.6.4
[01:17:19] [Folia Async Scheduler Thread #1/INFO]: [SkinsRestorer]     Commit: 7ee6269
[01:17:19] [Folia Async Scheduler Thread #1/INFO]: [SkinsRestorer]     This is the latest version!
[01:17:19] [Folia Async Scheduler Thread #1/INFO]: [SkinsRestorer] ----------------------------------------------
[01:17:19] [Folia Async Scheduler Thread #1/INFO]: [SkinsRestorer] Do you have issues? Read our troubleshooting guide: https://skinsrestorer.net/docs/troubleshooting
[01:17:19] [Folia Async Scheduler Thread #1/INFO]: [SkinsRestorer] Want to support SkinsRestorer? Consider donating: https://skinsrestorer.net/donate
[01:17:19] [Server thread/INFO]: [XConomy] Conectado con SQLite
[01:17:19] [Server thread/INFO]: [XConomy] XConomy está habilitado
[01:17:19] [Server thread/INFO]: [XConomy] Encontrado PlaceholderAPI
[01:17:19] [Server thread/INFO]: [PlaceholderAPI] Successfully registered internal expansion: xconomy [2.25.15]
[01:17:19] [Server thread/INFO]: [XConomy] PlaceholderAPI successfully hooked
[01:17:19] [Server thread/INFO]: [XConomy] ===== YiC =====
[01:17:19] [Server thread/WARN]: **** SERVER IS RUNNING IN OFFLINE/INSECURE MODE!
[01:17:19] [Server thread/WARN]: The server will make no attempt to authenticate usernames. Beware.
[01:17:19] [Server thread/WARN]: While this makes the game possible to play without internet access, it also opens up the ability for hackers to connect with any username they choose.
[01:17:19] [Server thread/WARN]: To change this, set "online-mode" to "true" in the server.properties file.
[01:17:19] [Server thread/INFO]: Preparing level "world"
[01:17:19] [Folia Async Scheduler Thread #3/INFO]: [XConomy] Nueva versión encontrada2.26.3
[01:17:19] [Folia Async Scheduler Thread #3/INFO]: [XConomy] https://www.spigotmc.org/resources/xconomy.75669/
[01:17:21] [Server thread/INFO]: Preparing start region for dimension minecraft:overworld
[01:17:22] [Server thread/INFO]: Preparing spawn area: 0%
[01:17:22] [Server thread/INFO]: Preparing spawn area: 2%
[01:17:22] [Server thread/INFO]: Preparing spawn area: 2%
[01:17:22] [Server thread/INFO]: Time elapsed: 1095 ms
[01:17:22] [Server thread/INFO]: Preparing start region for dimension minecraft:the_nether
[01:17:22] [Server thread/INFO]: Preparing spawn area: 0%
[01:17:23] [Server thread/INFO]: Time elapsed: 313 ms
[01:17:23] [Server thread/INFO]: Preparing start region for dimension minecraft:the_end
[01:17:23] [Server thread/INFO]: Preparing spawn area: 0%
[01:17:23] [Server thread/INFO]: Time elapsed: 125 ms
[01:17:23] [Server thread/INFO]: [ViaVersion] Enabling ViaVersion v5.3.2
[01:17:23] [Server thread/INFO]: [ViaVersion] ViaVersion detected server version: 1.21.2-1.21.3 (768)
[01:17:23] [Server thread/INFO]: [floodgate] Enabling floodgate v2.2.4-SNAPSHOT (b116-0e3163c)
[01:17:23] [Server thread/INFO]: [PlaceholderAPI] Enabling PlaceholderAPI v2.11.6
[01:17:23] [Server thread/INFO]: [PlaceholderAPI] Fetching available expansion information...
[01:17:23] [Server thread/INFO]: [ViaBackwards] Enabling ViaBackwards v5.3.2
[01:17:23] [Server thread/INFO]: [Geyser-Spigot] Enabling Geyser-Spigot v2.7.0-SNAPSHOT
[01:17:24] [Server thread/INFO]: [Minepacks] Enabling Minepacks v2.4.31.7-T20250421160243
[01:17:24] [Server thread/INFO]: [Minepacks] Starting Minepacks in standalone mode!
[01:17:24] [Server thread/INFO]: [Minepacks] Config file successfully loaded.
[01:17:24] [Server thread/WARN]: [Minepacks] Paper support is experimental! Use at your own risk!
[01:17:24] [Server thread/WARN]: [Minepacks] No guarantee for data integrity! Backup constantly!
[01:17:24] [Server thread/INFO]: [Minepacks] Language file successfully loaded. Language: english  Author: GeorgH93
[01:17:24] [Server thread/INFO]: [at.pcgamingfreaks.MinepacksStandalone.libs.com.zaxxer.hikari.HikariDataSource] Minepacks-Connection-Pool - Starting...
[01:17:24] [Server thread/INFO]: [at.pcgamingfreaks.MinepacksStandalone.libs.com.zaxxer.hikari.HikariDataSource] Minepacks-Connection-Pool - Start completed.
[01:17:25] [Server thread/INFO]: [Minepacks] Item name language file successfully loaded. Language: english  Author: GeorgH93
[01:17:25] [Server thread/INFO]: [Minepacks] Loading item translations ...
[01:17:25] [Server thread/INFO]: [Minepacks] Finished loading item translations for 826 items.
[01:17:25] [Server thread/INFO]: [PlaceholderAPI] Successfully registered internal expansion: minepacks [2.4.31.7-T20250421160243]
[01:17:25] [Server thread/INFO]: [Minepacks] PlaceholderAPI hook was successfully registered!
[01:17:25] [Server thread/INFO]: [Minepacks]  Minepacks has been enabled!  :) 
[01:17:25] [Server thread/INFO]: [LevelledMobs] Enabling LevelledMobs v4.3.1 b112
[01:17:25] [Server thread/INFO]: [LevelledMobs] Enabling commands
[01:17:25] [Thread-13/INFO]: [Minepacks] Start downloading update: 2.4.32-release
[01:17:25] [Server thread/INFO]: [LevelledMobs] Building reflection cache, use simple names: true
[01:17:25] [Thread-13/INFO]: [Minepacks] Downloading update: 10% of 1.84 MiB
[01:17:25] [Server thread/INFO]: [LevelledMobs] Using NMS version 1.21.3 for nametag support
[01:17:25] [Thread-13/INFO]: [Minepacks] Downloading update: 20% of 1.84 MiB
[01:17:25] [Server thread/INFO]: [LevelledMobs] File Loader: Loading files...
[01:17:25] [Server thread/INFO]: [LevelledMobs] File Loader: Loading file 'settings.yml'...
[01:17:25] [Thread-13/INFO]: [Minepacks] Downloading update: 30% of 1.84 MiB
[01:17:25] [Server thread/INFO]: [LevelledMobs] File Loader: Loading file 'messages.yml'...
[01:17:25] [Server thread/INFO]: [LevelledMobs] File Loader: Loading file 'externalplugins.yml'...
[01:17:25] [Thread-13/INFO]: [Minepacks] Downloading update: 40% of 1.84 MiB
[01:17:25] [Server thread/INFO]: [LevelledMobs] File Loader: Loading file 'rules.yml'...
[01:17:25] [Thread-13/INFO]: [Minepacks] Downloading update: 50% of 1.84 MiB
[01:17:25] [Thread-13/INFO]: [Minepacks] Downloading update: 60% of 1.84 MiB
[01:17:25] [Thread-13/INFO]: [Minepacks] Downloading update: 70% of 1.84 MiB
[01:17:25] [Thread-13/INFO]: [Minepacks] Downloading update: 80% of 1.84 MiB
[01:17:25] [Thread-13/INFO]: [Minepacks] Downloading update: 90% of 1.84 MiB
[01:17:25] [Thread-13/INFO]: [Minepacks] Downloading update: 100% of 1.84 MiB
[01:17:25] [Thread-13/INFO]: [Minepacks] Finished updating.
[01:17:25] [Server thread/INFO]: [LevelledMobs] Current rules hash: 9b0f48e3273bb9cc29d2891ad33fb3410fec8cf1e77c2092ff670fd38f6d4ff5
[01:17:25] [Server thread/INFO]: [LevelledMobs] File Loader: Loading file 'customdrops.yml'...
[01:17:25] [Server thread/INFO]: [LevelledMobs] Listeners: Registering event listeners...
[01:17:25] [Server thread/INFO]: [PlaceholderAPI] Successfully registered internal expansion: LevelledMobs [4.3.1 b112]
[01:17:25] [Server thread/INFO]: [LevelledMobs] Running misc procedures
[01:17:25] [Server thread/INFO]: [LevelledMobs] Tasks: Starting async nametag auto update task...
[01:17:25] [Server thread/INFO]: [LevelledMobs] Start-up complete (took 499ms)
[01:17:25] [Server thread/INFO]: [SetHome] Enabling SetHome v6.2.3
[01:17:25] [Server thread/INFO]: [PlayerTimeLimit] Enabling PlayerTimeLimit v1.6.1
[01:17:25] [Server thread/INFO]: [PlaceholderAPI] Successfully registered internal expansion: playertimelimit [1.6.1]
[01:17:25] [Server thread/INFO]: [PlayerTimeLimit] Has been enabled! Version: 1.6.1
[01:17:25] [Server thread/INFO]: [PlayerTimeLimit] Thanks for using my plugin!  ~Ajneb97
[01:17:25] [Server thread/INFO]: [DirectionHUD] Enabling DirectionHUD v1.8.0.3+1.20-1.21.4
[01:17:25] [Server thread/INFO]: [DirectionHUD] Started server!
[01:17:25] [Server thread/INFO]: [LoginSecurity] Enabling LoginSecurity v3.3.0
[01:17:25] [Server thread/INFO]: [LoginSecurity] Loading base translations from "en_us"
[01:17:25] [Server thread/INFO]: [LoginSecurity] Loading specified translations from "es_mx"
[01:17:25] [Server thread/INFO]: [LoginSecurity] Registering commands...
[01:17:25] [Server thread/INFO]: [LoginSecurity] Registering listeners...
[01:17:26] [Server thread/INFO]: [LoginSecurity] Using 1.12+ map captcha renderer
[01:17:26] [Server thread/INFO]: [SetSpawn] Enabling SetSpawn v5.5
[01:17:26] [Server thread/INFO]: [SetSpawn] Enabled!
[01:17:26] [Server thread/INFO]: [SuperLobby] Enabling SuperLobby v4.7.6
[01:17:26] [Server thread/INFO]: -=-=-=-=-=-=-=-=-=-=-=-=-=-=-=-=-=-=-=-=-=-=-=-=-=-=-=
[01:17:26] [Server thread/INFO]: [SuperLobby] [STDOUT]    _____                       _           _     _           
[01:17:26] [Server thread/WARN]: Nag author(s): '[PedroJM96, PedroJM96]' of 'SuperLobby v4.7.6' about their usage of System.out/err.print. Please use your plugin's logger instead (JavaPlugin#getLogger).
[01:17:26] [Server thread/INFO]: [SuperLobby] [STDOUT]   / ____|                     | |         | |   | |          
[01:17:26] [Server thread/INFO]: [SuperLobby] [STDOUT]  | (___  _   _ _ __   ___ _ __| |     ___ | |__ | |__  _   _ 
[01:17:26] [Server thread/INFO]: [SuperLobby] [STDOUT]   \___ \| | | | '_ \ / _ \ '__| |    / _ \| '_ \| '_ \| | | |
[01:17:26] [Server thread/INFO]: [SuperLobby] [STDOUT]   ____) | |_| | |_) |  __/ |  | |___| (_) | |_) | |_) | |_| |
[01:17:26] [Server thread/INFO]: [SuperLobby] [STDOUT]  |_____/ \__,_| .__/ \___|_|  |______\___/|_.__/|_.__/ \__, |
[01:17:26] [Server thread/INFO]: [SuperLobby] [STDOUT]               | |                                       __/ |
[01:17:26] [Server thread/INFO]: [SuperLobby] [STDOUT]               |_|                                      |___/ 
[01:17:26] [Server thread/INFO]: [SuperLobby] [STDOUT]     
[01:17:26] [Server thread/INFO]: -=-=-=-=-=-=-=-=-=-=-=-=-=-=-=-=-=-=-=-=-=-=-=-=-=-=-=
[01:17:26] [Server thread/INFO]: [SuperLobby] Deluxe Version: V4.7.6
[01:17:26] [Server thread/INFO]: [SuperLobby] Plugin Create by PedroJM96.
[01:17:26] [Server thread/INFO]: [SuperLobby] Loading Libraries...
[01:17:26] [Server thread/INFO]: [SuperLobby] Loading library commons-lang-commons-lang-2.6
[01:17:26] [Server thread/INFO]: [SuperLobby] commons-lang-commons-lang-2.6 library loaded successfully.
[01:17:26] [Server thread/INFO]: [SuperLobby] Loading library commons-codec-commons-codec-1.15
[01:17:26] [Server thread/INFO]: [SuperLobby] commons-codec-commons-codec-1.15 library loaded successfully.
[01:17:26] [Server thread/INFO]: [SuperLobby] Loading library com.google.code.gson-gson-2.9.0
[01:17:26] [Server thread/INFO]: [SuperLobby] com.google.code.gson-gson-2.9.0 library loaded successfully.
[01:17:27] [Server thread/INFO]: [SuperLobby] Loading configuration...
[01:17:27] [Server thread/INFO]: [SuperLobby] Load config.yml
[01:17:27] [Server thread/INFO]: [SuperLobby] config.yml loaded.
[01:17:27] [Server thread/INFO]: [SuperLobby] Load messages_EN.yml
[01:17:27] [Server thread/INFO]: [SuperLobby] messages_EN.yml loaded.
[01:17:27] [Server thread/INFO]: [SuperLobby] Load spawn.yml
[01:17:27] [Server thread/INFO]: [SuperLobby] spawn.yml loaded.
[01:17:27] [Server thread/INFO]: [SuperLobby] Load chat.yml
[01:17:27] [Server thread/INFO]: [SuperLobby] chat.yml loaded.
[01:17:27] [Server thread/INFO]: [SuperLobby] Load infocommands.yml
[01:17:27] [Server thread/INFO]: [SuperLobby] infocommands.yml loaded.
[01:17:27] [Server thread/INFO]: [SuperLobby] Register info command /info
[01:17:27] [Server thread/INFO]: [SuperLobby] Register info command /youtubers
[01:17:27] [Server thread/INFO]: [SuperLobby] Register info command /socialpages
[01:17:27] [Server thread/INFO]: [SuperLobby] Register info command /rewards
[01:17:27] [Server thread/INFO]: [SuperLobby] Register info command /rules
[01:17:27] [Server thread/INFO]: [SuperLobby] Register info command /help
[01:17:27] [Server thread/INFO]: [SuperLobby] Load customevents.yml
[01:17:27] [Server thread/INFO]: [SuperLobby] customevents.yml loaded.
[01:17:27] [Server thread/INFO]: [SuperLobby] Load items.yml
[01:17:27] [Server thread/INFO]: [SuperLobby] items.yml loaded.
[01:17:27] [Server thread/INFO]: [SuperLobby] Lobby-Item: The item menu has an invalid item Material: SIGN.
[01:17:27] [Server thread/INFO]: [SuperLobby] Load menus.yml
[01:17:27] [Server thread/INFO]: [SuperLobby] menus.yml loaded.
[01:17:27] [Server thread/ERROR]: Error occurred while enabling SuperLobby v4.7.6 (Is it up to date?)
java.lang.IncompatibleClassChangeError: Method 'org.bukkit.Sound org.bukkit.Sound.valueOf(java.lang.String)' must be InterfaceMethodref constant
	at com.pedrojm96.superlobby.inventory.menu.CoreMenu.setSound(CoreMenu.java:237) ~[?:?]
	at com.pedrojm96.superlobby.SuperLobby.loadMenus(SuperLobby.java:540) ~[?:?]
	at com.pedrojm96.superlobby.SuperLobby.onEnable(SuperLobby.java:206) ~[?:?]
	at SuperLobbyDeluxe-4.7.6-shaded.jar/com.pedrojm96.superlobby.SuperLobbyLoader.onEnable(SuperLobbyLoader.java:34) ~[SuperLobbyDeluxe-4.7.6-shaded.jar:?]
	at org.bukkit.plugin.java.JavaPlugin.setEnabled(JavaPlugin.java:288) ~[paper-api-1.21.3-R0.1-SNAPSHOT.jar:?]
	at io.papermc.paper.plugin.manager.PaperPluginInstanceManager.enablePlugin(PaperPluginInstanceManager.java:202) ~[paper-1.21.3.jar:1.21.3-63-4190ee7]
	at io.papermc.paper.plugin.manager.PaperPluginManagerImpl.enablePlugin(PaperPluginManagerImpl.java:109) ~[paper-1.21.3.jar:1.21.3-63-4190ee7]
	at org.bukkit.plugin.SimplePluginManager.enablePlugin(SimplePluginManager.java:520) ~[paper-api-1.21.3-R0.1-SNAPSHOT.jar:?]
	at org.bukkit.craftbukkit.CraftServer.enablePlugin(CraftServer.java:655) ~[paper-1.21.3.jar:1.21.3-63-4190ee7]
	at org.bukkit.craftbukkit.CraftServer.enablePlugins(CraftServer.java:604) ~[paper-1.21.3.jar:1.21.3-63-4190ee7]
	at net.minecraft.server.MinecraftServer.loadWorld0(MinecraftServer.java:768) ~[paper-1.21.3.jar:1.21.3-63-4190ee7]
	at net.minecraft.server.MinecraftServer.loadLevel(MinecraftServer.java:530) ~[paper-1.21.3.jar:1.21.3-63-4190ee7]
	at net.minecraft.server.dedicated.DedicatedServer.initServer(DedicatedServer.java:326) ~[paper-1.21.3.jar:1.21.3-63-4190ee7]
	at net.minecraft.server.MinecraftServer.runServer(MinecraftServer.java:1234) ~[paper-1.21.3.jar:1.21.3-63-4190ee7]
	at net.minecraft.server.MinecraftServer.lambda$spin$0(MinecraftServer.java:340) ~[paper-1.21.3.jar:1.21.3-63-4190ee7]
	at java.base/java.lang.Thread.run(Thread.java:1583) ~[?:?]
[01:17:27] [Server thread/INFO]: [SuperLobby] Disabling SuperLobby v4.7.6
[01:17:27] [Server thread/INFO]: [WorldBorder] Enabling WorldBorder v1.2
[01:17:27] [Server thread/INFO]: [GeyserSkinManager] Enabling GeyserSkinManager v1.7
[01:17:27] [Server thread/WARN]: [GeyserSkinManager] Floodgate found on the server! Disabling skin services and only running mod interactions.
[01:17:27] [Server thread/INFO]: [sleep-most] Enabling sleep-most v5.6.0
[01:17:27] [Server thread/INFO]: [sleep-most] Hooked to PlaceholderAPI
[01:17:27] [Server thread/INFO]: [PlaceholderAPI] Successfully registered internal expansion: sleepmost [5.6.0]
[01:17:27] [Server thread/INFO]: [AngelChest] Enabling AngelChest v13.9.4
[01:17:27] [Server thread/INFO]: [AngelChest] groups.yml does not exist, skipping custom group settings.
[01:17:27] [Server thread/INFO]: [AngelChest] blacklist.yml does not exist, disabling item blacklist.
[01:17:27] [Server thread/INFO]: [AngelChest] Not using premium version, disabling Graveyards feature
[01:17:28] [Server thread/WARN]: [AngelChest] Could not add usage/description to command acopen
[01:17:28] [Server thread/INFO]: [PlaceholderAPI] Successfully registered internal expansion: angelchest [GENERIC]
[01:17:28] [Server thread/INFO]: [AngelChest] Successfully hooked into Vault and the EconomyProvider, enabling economy functions.
[01:17:28] [Server thread/INFO]: [AngelChest] [ACF] Enabled Asynchronous Tab Completion Support!
[01:17:28] [Server thread/INFO]: [AngelChest] Successfully enabled AngelChest v13.9.4 (Premium: false)
[01:17:28] [Server thread/INFO]: [UltimateTimber] Enabling UltimateTimber v4.1.0
[01:17:28] [Server thread/INFO]:  
[01:17:28] [Server thread/INFO]: =============================
[01:17:28] [Server thread/INFO]: UltimateTimber 4.1.0 by Songoda <3!
[01:17:28] [Server thread/INFO]: Action: Enabling...
[01:17:28] [Server thread/INFO]: [UltimateTimber] Loaded locale "en_US"
[01:17:28] [Server thread/INFO]: [com.songoda.ultimatetimber.core.CoreLogger] [UltimateTimber] [SongodaCore] [SongodaCore] Hooked UltimateTimber.
[01:17:28] [Server thread/INFO]: =============================
[01:17:28] [Server thread/INFO]:  
[01:17:28] [Server thread/INFO]: [dynmap] Enabling dynmap v3.7-SNAPSHOT-968
[01:17:28] [Server thread/INFO]: [dynmap] Added 20 custom biome mappings
[01:17:28] [Server thread/INFO]: [dynmap] Using Vault provider SuperPerms for access control
[01:17:29] [Server thread/INFO]: [dynmap] Mod Support processing completed
[01:17:31] [Server thread/INFO]: [dynmap] Loaded 27 shaders.
[01:17:31] [Server thread/INFO]: [dynmap] Loaded 83 perspectives.
[01:17:31] [Server thread/INFO]: [dynmap] Loaded 22 lightings.
[01:17:31] [Server thread/INFO]: [dynmap] Starting enter/exit processing
[01:17:31] [Dynmap Render Thread/INFO]: [dynmap] Finish marker initialization
[01:17:32] [Server thread/INFO]: [dynmap] Web server started on address 0.0.0.0:8123
[01:17:32] [Server thread/INFO]: [dynmap] version 3.7-SNAPSHOT-968 is enabled - core version 3.7-SNAPSHOT-985
[01:17:32] [Server thread/INFO]: [dynmap] For support, visit our Discord at https://discord.gg/s3rd5qn
[01:17:32] [Server thread/INFO]: [dynmap] For news, visit https://reddit.com/r/Dynmap or follow https://universeodon.com/@dynmap
[01:17:32] [Server thread/INFO]: [dynmap] To report or track bugs, visit https://github.com/webbukkit/dynmap/issues
[01:17:32] [Server thread/INFO]: [dynmap] If you'd like to donate, please visit https://www.patreon.com/dynmap or https://ko-fi.com/michaelprimm
[01:17:32] [Server thread/INFO]: [dynmap] Loaded 3 maps of world 'world'.
[01:17:32] [Server thread/INFO]: [dynmap] Loaded 2 maps of world 'world_nether'.
[01:17:32] [Server thread/INFO]: [dynmap] Loaded 2 maps of world 'world_the_end'.
[01:17:32] [Server thread/INFO]: [dynmap] Enabled
[01:17:32] [Server thread/INFO]: [MoneyFromMobs] Enabling MoneyFromMobs v4.9
[01:17:32] [Server thread/WARN]: [MoneyFromMobs] §cCOMPATIBLE PERMISSIONS PLUGIN NOT FOUND! PERMISSION GROUP MULTIPLIERS WILL NOT WORK!!!
[01:17:32] [Server thread/INFO]: [MoneyFromMobs] Successfully loaded Looting multiplier of 10% per level of enchantment
[01:17:32] [Server thread/INFO]: [MoneyFromMobs] Successfully loaded World multiplier of 5% For World: world1
[01:17:32] [Server thread/INFO]: [MoneyFromMobs] Successfully loaded World multiplier of 10% For World: world2
[01:17:32] [Server thread/INFO]: [MoneyFromMobs] Found LevelledMobs and successfully loaded multiplier of 1% per level of mob
[01:17:32] [Server thread/INFO]: [PlaceholderAPI] Successfully registered internal expansion: moneyfrommobs [4.9]
[01:17:32] [Server thread/INFO]: [MoneyFromMobs] Found PlaceholderAPI and expansion successfully registered 
[01:17:32] [Server thread/INFO]: [spark] Starting background profiler...
[01:17:33] [Server thread/INFO]: [PlaceholderAPI] Placeholder expansion registration initializing...
[01:17:33] [Server thread/INFO]: [Geyser-Spigot] ******************************************
[01:17:33] [Server thread/INFO]: [Geyser-Spigot] 
[01:17:33] [Server thread/INFO]: [Geyser-Spigot] Loading Geyser version 2.7.0-b808 (git-master-700f932)
[01:17:33] [Server thread/INFO]: [Geyser-Spigot] 
[01:17:33] [Server thread/INFO]: [Geyser-Spigot] ******************************************
[01:17:37] [epollEventLoopGroup-3-1/INFO]: [Geyser-Spigot] Started Geyser on UDP port 1236
[01:17:37] [Server thread/INFO]: [Geyser-Spigot] Done (4.885s)! Run /geyser help for help!
[01:17:38] [ForkJoinPool.commonPool-worker-2/INFO]: [Geyser-Spigot] There's a new Geyser update available to support Bedrock version 1.21.80. Download it here: https://geysermc.org/download
[01:17:38] [Server thread/INFO]: Done preparing level "world" (18.739s)
[01:17:38] [Server thread/INFO]: Running delayed init tasks
[01:17:38] [Craft Scheduler Thread - 5 - ViaVersion/INFO]: [ViaVersion] Finished mapping loading, shutting down loader executor.
[01:17:38] [Craft Scheduler Thread - 12 - Vault/INFO]: [Vault] Checking for Updates ... 
[01:17:38] [Server thread/INFO]: 0 placeholder hook(s) registered!
[01:17:38] [Server thread/INFO]: Done (46.379s)! For help, type "help"
[01:17:38] [Craft Scheduler Thread - 12 - Vault/INFO]: [Vault] No new version available
[01:17:38] [Craft Scheduler Thread - 11 - LevelledMobs/WARN]: [LevelledMobs] LevelledMobs Update Checker Notice:
[01:17:38] [Craft Scheduler Thread - 11 - LevelledMobs/WARN]: [LevelledMobs] Your LevelledMobs version is outdated! Please update to v4.3.1.1 as soon as possible. (You're running v4.3.1)
[01:17:41] [Server thread/INFO]: [AngelChest] ========================================================
[01:17:41] [Server thread/INFO]: [AngelChest] You are using the free version of AngelChest. There is
[01:17:41] [Server thread/INFO]: [AngelChest] also a premium version available, called AngelChestPlus.
[01:17:41] [Server thread/INFO]: [AngelChest] It includes TONS of new features and exclusive Discord
[01:17:41] [Server thread/INFO]: [AngelChest] support. The free version will still receive bugfixes,
[01:17:41] [Server thread/INFO]: [AngelChest] but there won't be ANY new features!
[01:17:41] [Server thread/INFO]: [AngelChest] If you like AngelChest, you will LOVE AngelChestPlus, so
[01:17:41] [Server thread/INFO]: [AngelChest] please consider upgrading! Thank you for using AngelChest.
[01:17:41] [Server thread/INFO]: [AngelChest] 
[01:17:41] [Server thread/INFO]: [AngelChest] https://www.spigotmc.org/resources/88214
[01:17:41] [Server thread/INFO]: [AngelChest] ========================================================
[01:18:01] [Server thread/INFO]: Stopping the server
[01:18:01] [Server thread/INFO]: Stopping server
[01:18:01] [Server thread/INFO]: [MoneyFromMobs] Disabling MoneyFromMobs v4.9
[01:18:01] [Server thread/INFO]: [dynmap] Disabling dynmap v3.7-SNAPSHOT-968
[01:18:01] [Server thread/INFO]: [dynmap] Unloaded 11 components.
[01:18:01] [Server thread/INFO]: [dynmap] Stopping map renderer...
[01:18:02] [Server thread/INFO]: [dynmap] Disabled
[01:18:02] [Server thread/INFO]: [UltimateTimber] Disabling UltimateTimber v4.1.0
[01:18:02] [Server thread/INFO]:  
[01:18:02] [Server thread/INFO]: =============================
[01:18:02] [Server thread/INFO]: UltimateTimber 4.1.0 by Songoda <3!
[01:18:02] [Server thread/INFO]: Action: Disabling...
[01:18:02] [Server thread/INFO]: =============================
[01:18:02] [Server thread/INFO]:  
[01:18:02] [Server thread/INFO]: [AngelChest] Disabling AngelChest v13.9.4
[01:18:02] [Server thread/INFO]: [sleep-most] Disabling sleep-most v5.6.0
[01:18:02] [Server thread/INFO]: [GeyserSkinManager] Disabling GeyserSkinManager v1.7
[01:18:02] [Server thread/INFO]: [WorldBorder] Disabling WorldBorder v1.2
[01:18:02] [Server thread/INFO]: [XConomy] Disabling XConomy v2.25.15
[01:18:02] [Server thread/INFO]: [XConomy] XConomy está deshabilitado
[01:18:02] [Server thread/INFO]: [SetSpawn] Disabling SetSpawn v5.5
[01:18:02] [Server thread/INFO]: [SetSpawn] Disabled!
[01:18:02] [Server thread/INFO]: [LoginSecurity] Disabling LoginSecurity v3.3.0
[01:18:02] [Server thread/INFO]: [LoginSecurity] Waiting for queued tasks...
[01:18:02] [Server thread/INFO]: [LoginSecurity] ExecutorService shut down, ready to disable.
[01:18:02] [Server thread/INFO]: [DirectionHUD] Disabling DirectionHUD v1.8.0.3+1.20-1.21.4
[01:18:02] [Server thread/INFO]: [DirectionHUD] Safely shutdown DirectionHUD server!
[01:18:02] [Server thread/INFO]: [PlayerTimeLimit] Disabling PlayerTimeLimit v1.6.1
[01:18:02] [Server thread/INFO]: [PlayerTimeLimit] Has been disabled! Version: 1.6.1
[01:18:02] [Server thread/INFO]: [SetHome] Disabling SetHome v6.2.3
[01:18:02] [Server thread/INFO]: [LevelledMobs] Disabling LevelledMobs v4.3.1 b112
[01:18:02] [Server thread/INFO]: [LevelledMobs] Unregistering commands
[01:18:02] [Server thread/INFO]: [LevelledMobs] Tasks: Shutting down other async tasks...
[01:18:02] [Server thread/INFO]: [LevelledMobs] Shut-down complete (took 3ms)
[01:18:02] [Server thread/INFO]: [SkinsRestorer] Disabling SkinsRestorer v15.6.4
[01:18:02] [Craft Scheduler Thread - 5 - LevelledMobs/INFO]: [LevelledMobs] Mob processing queue Manager has exited
[01:18:02] [Craft Scheduler Thread - 9 - LevelledMobs/INFO]: [LevelledMobs] Nametag update queue Manager has exited
[01:18:02] [Server thread/INFO]: [Minepacks] Disabling Minepacks v2.4.31.7-T20250421160243
[01:18:02] [Server thread/INFO]: [Minepacks] PlaceholderAPI hook was successfully unregistered!
[01:18:03] [Thread-27/INFO]: [Minepacks] Start downloading update: 2.4.32-release
[01:18:03] [Thread-27/INFO]: [Minepacks] Downloading update: 10% of 1.84 MiB
[01:18:03] [Thread-27/INFO]: [Minepacks] Downloading update: 20% of 1.84 MiB
[01:18:03] [Thread-27/INFO]: [Minepacks] Downloading update: 30% of 1.84 MiB
[01:18:03] [Thread-27/INFO]: [Minepacks] Downloading update: 40% of 1.84 MiB
[01:18:03] [Thread-27/INFO]: [Minepacks] Downloading update: 50% of 1.84 MiB
[01:18:03] [Thread-27/INFO]: [Minepacks] Downloading update: 60% of 1.84 MiB
[01:18:03] [Thread-27/INFO]: [Minepacks] Downloading update: 70% of 1.84 MiB
[01:18:03] [Thread-27/INFO]: [Minepacks] Downloading update: 80% of 1.84 MiB
[01:18:03] [Thread-27/INFO]: [Minepacks] Downloading update: 90% of 1.84 MiB
[01:18:03] [Thread-27/INFO]: [Minepacks] Downloading update: 100% of 1.84 MiB
[01:18:03] [Thread-27/INFO]: [Minepacks] Finished updating.
[01:18:03] [Server thread/INFO]: [at.pcgamingfreaks.MinepacksStandalone.libs.com.zaxxer.hikari.HikariDataSource] Minepacks-Connection-Pool - Shutdown initiated...
[01:18:03] [Server thread/INFO]: [at.pcgamingfreaks.MinepacksStandalone.libs.com.zaxxer.hikari.HikariDataSource] Minepacks-Connection-Pool - Shutdown completed.
[01:18:03] [Server thread/INFO]: [Minepacks]  Minepacks has been disabled.  :( 
[01:18:03] [Server thread/INFO]: [Geyser-Spigot] Disabling Geyser-Spigot v2.7.0-SNAPSHOT
[01:18:03] [Server thread/INFO]: [Geyser-Spigot] Shutting down Geyser.
[01:18:04] [Server thread/INFO]: [Geyser-Spigot] Geyser shutdown successfully.
[01:18:04] [Server thread/INFO]: [WorldEdit] Disabling WorldEdit v7.3.11+7055-8357a12
[01:18:04] [Server thread/INFO]: Unregistering com.sk89q.worldedit.bukkit.BukkitServerInterface from WorldEdit
[01:18:04] [Server thread/INFO]: [ViaBackwards] Disabling ViaBackwards v5.3.2
[01:18:04] [Server thread/INFO]: [ProtocolLib] Disabling ProtocolLib v5.3.0
[01:18:04] [Server thread/INFO]: [PlaceholderAPI] Disabling PlaceholderAPI v2.11.6
[01:18:04] [Server thread/INFO]: [floodgate] Disabling floodgate v2.2.4-SNAPSHOT (b116-0e3163c)
[01:18:04] [Server thread/INFO]: [Vault] Disabling Vault v1.7.3-b131
[01:18:04] [Server thread/INFO]: [ViaVersion] Disabling ViaVersion v5.3.2
[01:18:04] [Server thread/INFO]: [ViaVersion] ViaVersion has been disabled; uninjected the platform and shut down the scheduler.
[01:18:04] [Server thread/INFO]: Saving players
[01:18:04] [WebSocketConnectReadThread-128/INFO]: [Geyser-Spigot] The skin uploader has been closed
[01:18:04] [Server thread/INFO]: Saving worlds
[01:18:04] [Server thread/INFO]: Saving chunks for level 'ServerLevel[world]'/minecraft:overworld
[01:18:04] [Server thread/INFO]: [ChunkHolderManager] Waiting 60s for chunk system to halt for world 'world'
[01:18:04] [Server thread/INFO]: [ChunkHolderManager] Halted chunk system for world 'world'
[01:18:04] [Server thread/INFO]: [ChunkHolderManager] Saving all chunkholders for world 'world'
[01:18:04] [Server thread/INFO]: [ChunkHolderManager] Saved 49 block chunks, 49 entity chunks, 0 poi chunks in world 'world' in 0.57s
[01:18:04] [Server thread/INFO]: [ChunkHolderManager] Waiting 60s for chunk I/O to halt for world 'world'
[01:18:04] [Server thread/INFO]: [ChunkHolderManager] Halted I/O scheduler for world 'world'
[01:18:04] [Server thread/INFO]: Saving chunks for level 'ServerLevel[world_nether]'/minecraft:the_nether
[01:18:04] [Server thread/INFO]: [ChunkHolderManager] Waiting 60s for chunk system to halt for world 'world_nether'
[01:18:04] [Server thread/INFO]: [ChunkHolderManager] Halted chunk system for world 'world_nether'
[01:18:04] [Server thread/INFO]: [ChunkHolderManager] Saving all chunkholders for world 'world_nether'
[01:18:05] [Server thread/INFO]: [ChunkHolderManager] Saved 49 block chunks, 49 entity chunks, 0 poi chunks in world 'world_nether' in 0.28s
[01:18:05] [Server thread/INFO]: [ChunkHolderManager] Waiting 60s for chunk I/O to halt for world 'world_nether'
[01:18:05] [Server thread/INFO]: [ChunkHolderManager] Halted I/O scheduler for world 'world_nether'
[01:18:05] [Server thread/INFO]: Saving chunks for level 'ServerLevel[world_the_end]'/minecraft:the_end
[01:18:05] [Server thread/INFO]: [ChunkHolderManager] Waiting 60s for chunk system to halt for world 'world_the_end'
[01:18:05] [Server thread/INFO]: [ChunkHolderManager] Halted chunk system for world 'world_the_end'
[01:18:05] [Server thread/INFO]: [ChunkHolderManager] Saving all chunkholders for world 'world_the_end'
[01:18:05] [Server thread/INFO]: [ChunkHolderManager] Saved 49 block chunks, 49 entity chunks, 0 poi chunks in world 'world_the_end' in 0.12s
[01:18:05] [Server thread/INFO]: [ChunkHolderManager] Waiting 60s for chunk I/O to halt for world 'world_the_end'
[01:18:05] [Server thread/INFO]: [ChunkHolderManager] Halted I/O scheduler for world 'world_the_end'
[01:18:05] [Server thread/INFO]: ThreadedAnvilChunkStorage (world): All chunks are saved
[01:18:05] [Server thread/INFO]: ThreadedAnvilChunkStorage (DIM-1): All chunks are saved
[01:18:05] [Server thread/INFO]: ThreadedAnvilChunkStorage (DIM1): All chunks are saved
[01:18:05] [Server thread/INFO]: ThreadedAnvilChunkStorage: All dimensions are saved
[01:18:05] [Server thread/INFO]: Waiting for I/O tasks to complete...
[01:18:05] [Server thread/INFO]: All I/O tasks to complete
[01:18:05] [Server thread/INFO]: [MoonriseCommon] Awaiting termination of worker pool for up to 60s...
[01:18:05] [Server thread/INFO]: [MoonriseCommon] Awaiting termination of I/O pool for up to 60s...
